// Jest Snapshot v1, https://goo.gl/fbAQLP

exports[`should take a snapshot 1`] = `
<DocumentFragment>
  <div
    class="hourly-forecast"
  >
    <p />
    <img
      id="icon"
      src="http://openweathermap.org/img/wn/undefined@2x.png"
    />
    <p />
    <p />
  </div>
</DocumentFragment>
`;
