// Jest Snapshot v1, https://goo.gl/fbAQLP

exports[`should take a snapshot 1`] = `
<DocumentFragment>
  <div
    class="sunrise-sunset"
  >
    <h4>
       Sunrise and Sunset 
    </h4>
    <p>
      Sunrise: 
    </p>
    <p>
      Sunset: 
    </p>
  </div>
</DocumentFragment>
`;
